// Jest Snapshot v1, https://goo.gl/fbAQLP

exports[`<DummyPage> should render and match the snapshot 1`] = `
.c1 {
  color: red;
  font-size: 30px;
}

.c0 {
  border: 2px dashed black;
}

<div
  class="c0"
>
  <p
    class="c1"
  >
    Foo...
     clicked
    <span
      class="counter"
    >
      0
    </span>
     times
  </p>
</div>
`;
